------------------------------------------------------------
Timing Analyzer Summary
------------------------------------------------------------

Type  : Slow 1200mV 85C Model Setup 'CLOCK_50'
Slack : -5.891
TNS   : -687.520

Type  : Slow 1200mV 85C Model Setup 'RomManager:RomManagment|s_DataReady'
Slack : -0.372
TNS   : -4.924

Type  : Slow 1200mV 85C Model Hold 'CLOCK_50'
Slack : 0.299
TNS   : 0.000

Type  : Slow 1200mV 85C Model Hold 'RomManager:RomManagment|s_DataReady'
Slack : 0.421
TNS   : 0.000

Type  : Slow 1200mV 85C Model Minimum Pulse Width 'CLOCK_50'
Slack : -3.000
TNS   : -328.597

Type  : Slow 1200mV 85C Model Minimum Pulse Width 'RomManager:RomManagment|s_DataReady'
Slack : -1.285
TNS   : -41.120

Type  : Slow 1200mV 0C Model Setup 'CLOCK_50'
Slack : -5.267
TNS   : -605.775

Type  : Slow 1200mV 0C Model Setup 'RomManager:RomManagment|s_DataReady'
Slack : -0.251
TNS   : -2.521

Type  : Slow 1200mV 0C Model Hold 'CLOCK_50'
Slack : 0.310
TNS   : 0.000

Type  : Slow 1200mV 0C Model Hold 'RomManager:RomManagment|s_DataReady'
Slack : 0.395
TNS   : 0.000

Type  : Slow 1200mV 0C Model Minimum Pulse Width 'CLOCK_50'
Slack : -3.000
TNS   : -328.421

Type  : Slow 1200mV 0C Model Minimum Pulse Width 'RomManager:RomManagment|s_DataReady'
Slack : -1.285
TNS   : -41.120

Type  : Fast 1200mV 0C Model Setup 'CLOCK_50'
Slack : -2.327
TNS   : -217.515

Type  : Fast 1200mV 0C Model Setup 'RomManager:RomManagment|s_DataReady'
Slack : 0.275
TNS   : 0.000

Type  : Fast 1200mV 0C Model Hold 'CLOCK_50'
Slack : 0.112
TNS   : 0.000

Type  : Fast 1200mV 0C Model Hold 'RomManager:RomManagment|s_DataReady'
Slack : 0.167
TNS   : 0.000

Type  : Fast 1200mV 0C Model Minimum Pulse Width 'CLOCK_50'
Slack : -3.000
TNS   : -268.926

Type  : Fast 1200mV 0C Model Minimum Pulse Width 'RomManager:RomManagment|s_DataReady'
Slack : -1.000
TNS   : -32.000

------------------------------------------------------------
